// Jest Snapshot v1, https://goo.gl/fbAQLP

exports[`Auth Stack 1`] = `
{
  "Outputs": {
    "AuthGatewayEndpoint49671CC4": {
      "Value": {
        "Fn::Join": [
          "",
          [
            "https://",
            {
              "Ref": "AuthGateway83D5F26D",
            },
            ".execute-api.eu-west-2.",
            {
              "Ref": "AWS::URLSuffix",
            },
            "/",
            {
              "Ref": "AuthGatewayDeploymentStageprodAE1C2F72",
            },
            "/",
          ],
        ],
      },
    },
  },
  "Parameters": {
    "BootstrapVersion": {
      "Default": "/cdk-bootstrap/hnb659fds/version",
      "Description": "Version of the CDK Bootstrap resources in this environment, automatically retrieved from SSM Parameter Store. [cdk:skip]",
      "Type": "AWS::SSM::Parameter::Value<String>",
    },
  },
  "Resources": {
    "AuthDomain2370CC8A": {
      "Properties": {
        "CertificateArn": "mockCertificateArn",
        "DomainName": "mocksubdomain.mockdomain.test",
        "EndpointConfiguration": {
          "Types": [
            "EDGE",
          ],
        },
        "SecurityPolicy": "TLS_1_2",
      },
      "Type": "AWS::ApiGateway::DomainName",
    },
    "AuthDomainMapAuthStackAuthGateway1EA582623C9FEA9B": {
      "Properties": {
        "DomainName": {
          "Ref": "AuthDomain2370CC8A",
        },
        "RestApiId": {
          "Ref": "AuthGateway83D5F26D",
        },
        "Stage": {
          "Ref": "AuthGatewayDeploymentStageprodAE1C2F72",
        },
      },
      "Type": "AWS::ApiGateway::BasePathMapping",
    },
    "AuthGateway83D5F26D": {
      "Properties": {
        "EndpointConfiguration": {
          "Types": [
            "EDGE",
          ],
        },
        "Name": "AuthGateway",
      },
      "Type": "AWS::ApiGateway::RestApi",
    },
    "AuthGatewayAccount17342C6A": {
      "DeletionPolicy": "Retain",
      "DependsOn": [
        "AuthGateway83D5F26D",
      ],
      "Properties": {
        "CloudWatchRoleArn": {
          "Fn::GetAtt": [
            "AuthGatewayCloudWatchRole465259DB",
            "Arn",
          ],
        },
      },
      "Type": "AWS::ApiGateway::Account",
      "UpdateReplacePolicy": "Retain",
    },
    "AuthGatewayCloudWatchRole465259DB": {
      "DeletionPolicy": "Retain",
      "Properties": {
        "AssumeRolePolicyDocument": {
          "Statement": [
            {
              "Action": "sts:AssumeRole",
              "Effect": "Allow",
              "Principal": {
                "Service": "apigateway.amazonaws.com",
              },
            },
          ],
          "Version": "2012-10-17",
        },
        "ManagedPolicyArns": [
          {
            "Fn::Join": [
              "",
              [
                "arn:",
                {
                  "Ref": "AWS::Partition",
                },
                ":iam::aws:policy/service-role/AmazonAPIGatewayPushToCloudWatchLogs",
              ],
            ],
          },
        ],
      },
      "Type": "AWS::IAM::Role",
      "UpdateReplacePolicy": "Retain",
    },
    "AuthGatewayDeploymentE35D8D60780d3829d041bb7166e4097bcfeed7bd": {
      "DependsOn": [
        "AuthGatewayoidcGETDE5F9E2F",
        "AuthGatewayoidc8A96E077",
      ],
      "Properties": {
        "Description": "Automatically created by the RestApi construct",
        "RestApiId": {
          "Ref": "AuthGateway83D5F26D",
        },
      },
      "Type": "AWS::ApiGateway::Deployment",
    },
    "AuthGatewayDeploymentStageprodAE1C2F72": {
      "DependsOn": [
        "AuthGatewayAccount17342C6A",
      ],
      "Properties": {
        "DeploymentId": {
          "Ref": "AuthGatewayDeploymentE35D8D60780d3829d041bb7166e4097bcfeed7bd",
        },
        "MethodSettings": [
          {
            "DataTraceEnabled": false,
            "HttpMethod": "*",
            "LoggingLevel": "ERROR",
            "MetricsEnabled": true,
            "ResourcePath": "/*",
          },
        ],
        "RestApiId": {
          "Ref": "AuthGateway83D5F26D",
        },
        "StageName": "prod",
        "TracingEnabled": true,
      },
      "Type": "AWS::ApiGateway::Stage",
    },
    "AuthGatewayoidc8A96E077": {
      "Properties": {
        "ParentId": {
          "Fn::GetAtt": [
            "AuthGateway83D5F26D",
            "RootResourceId",
          ],
        },
        "PathPart": "oidc",
        "RestApiId": {
          "Ref": "AuthGateway83D5F26D",
        },
      },
      "Type": "AWS::ApiGateway::Resource",
    },
    "AuthGatewayoidcGETApiPermissionAuthStackAuthGateway1EA58262GEToidcC4F2019F": {
      "Properties": {
        "Action": "lambda:InvokeFunction",
        "FunctionName": {
          "Fn::GetAtt": [
            "AuthOidcFunctionFEAD1639",
            "Arn",
          ],
        },
        "Principal": "apigateway.amazonaws.com",
        "SourceArn": {
          "Fn::Join": [
            "",
            [
              "arn:",
              {
                "Ref": "AWS::Partition",
              },
              ":execute-api:eu-west-2:12345678:",
              {
                "Ref": "AuthGateway83D5F26D",
              },
              "/",
              {
                "Ref": "AuthGatewayDeploymentStageprodAE1C2F72",
              },
              "/GET/oidc",
            ],
          ],
        },
      },
      "Type": "AWS::Lambda::Permission",
    },
    "AuthGatewayoidcGETApiPermissionTestAuthStackAuthGateway1EA58262GEToidc009D1884": {
      "Properties": {
        "Action": "lambda:InvokeFunction",
        "FunctionName": {
          "Fn::GetAtt": [
            "AuthOidcFunctionFEAD1639",
            "Arn",
          ],
        },
        "Principal": "apigateway.amazonaws.com",
        "SourceArn": {
          "Fn::Join": [
            "",
            [
              "arn:",
              {
                "Ref": "AWS::Partition",
              },
              ":execute-api:eu-west-2:12345678:",
              {
                "Ref": "AuthGateway83D5F26D",
              },
              "/test-invoke-stage/GET/oidc",
            ],
          ],
        },
      },
      "Type": "AWS::Lambda::Permission",
    },
    "AuthGatewayoidcGETDE5F9E2F": {
      "Properties": {
        "AuthorizationType": "NONE",
        "HttpMethod": "GET",
        "Integration": {
          "IntegrationHttpMethod": "POST",
          "Type": "AWS_PROXY",
          "Uri": {
            "Fn::Join": [
              "",
              [
                "arn:",
                {
                  "Ref": "AWS::Partition",
                },
                ":apigateway:eu-west-2:lambda:path/2015-03-31/functions/",
                {
                  "Fn::GetAtt": [
                    "AuthOidcFunctionFEAD1639",
                    "Arn",
                  ],
                },
                "/invocations",
              ],
            ],
          },
        },
        "ResourceId": {
          "Ref": "AuthGatewayoidc8A96E077",
        },
        "RestApiId": {
          "Ref": "AuthGateway83D5F26D",
        },
      },
      "Type": "AWS::ApiGateway::Method",
    },
    "AuthOidcFunctionFEAD1639": {
      "DependsOn": [
        "AuthOidcFunctionServiceRole7F4533CF",
      ],
      "Properties": {
        "Code": {
          "S3Bucket": "cdk-hnb659fds-assets-12345678-eu-west-2",
          "S3Key": "a329291cf95cfd2c2842b319b32eb6f2c37d1e14e6d9096799be529ba1805304.zip",
        },
        "Environment": {
          "Variables": {
            "AWS_NODEJS_CONNECTION_REUSE_ENABLED": "1",
          },
        },
        "FunctionName": "AuthOidc",
        "Handler": "index.handler",
        "MemorySize": 128,
        "Role": {
          "Fn::GetAtt": [
            "AuthOidcFunctionServiceRole7F4533CF",
            "Arn",
          ],
        },
        "Runtime": "nodejs20.x",
        "Timeout": 15,
      },
      "Type": "AWS::Lambda::Function",
    },
    "AuthOidcFunctionLogRetentionC3B84C04": {
      "Properties": {
        "LogGroupName": {
          "Fn::Join": [
            "",
            [
              "/aws/lambda/",
              {
                "Ref": "AuthOidcFunctionFEAD1639",
              },
            ],
          ],
        },
        "RetentionInDays": 7,
        "ServiceToken": {
          "Fn::GetAtt": [
            "LogRetentionaae0aa3c5b4d4f87b02d85b201efdd8aFD4BFC8A",
            "Arn",
          ],
        },
      },
      "Type": "Custom::LogRetention",
    },
    "AuthOidcFunctionServiceRole7F4533CF": {
      "Properties": {
        "AssumeRolePolicyDocument": {
          "Statement": [
            {
              "Action": "sts:AssumeRole",
              "Effect": "Allow",
              "Principal": {
                "Service": "lambda.amazonaws.com",
              },
            },
          ],
          "Version": "2012-10-17",
        },
        "ManagedPolicyArns": [
          {
            "Fn::Join": [
              "",
              [
                "arn:",
                {
                  "Ref": "AWS::Partition",
                },
                ":iam::aws:policy/service-role/AWSLambdaBasicExecutionRole",
              ],
            ],
          },
        ],
      },
      "Type": "AWS::IAM::Role",
    },
    "LogRetentionaae0aa3c5b4d4f87b02d85b201efdd8aFD4BFC8A": {
      "DependsOn": [
        "LogRetentionaae0aa3c5b4d4f87b02d85b201efdd8aServiceRoleDefaultPolicyADDA7DEB",
        "LogRetentionaae0aa3c5b4d4f87b02d85b201efdd8aServiceRole9741ECFB",
      ],
      "Properties": {
        "Code": {
          "S3Bucket": "cdk-hnb659fds-assets-12345678-eu-west-2",
          "S3Key": "4e26bf2d0a26f2097fb2b261f22bb51e3f6b4b52635777b1e54edbd8e2d58c35.zip",
        },
        "Handler": "index.handler",
        "Role": {
          "Fn::GetAtt": [
            "LogRetentionaae0aa3c5b4d4f87b02d85b201efdd8aServiceRole9741ECFB",
            "Arn",
          ],
        },
        "Runtime": "nodejs18.x",
        "Timeout": 900,
      },
      "Type": "AWS::Lambda::Function",
    },
    "LogRetentionaae0aa3c5b4d4f87b02d85b201efdd8aServiceRole9741ECFB": {
      "Properties": {
        "AssumeRolePolicyDocument": {
          "Statement": [
            {
              "Action": "sts:AssumeRole",
              "Effect": "Allow",
              "Principal": {
                "Service": "lambda.amazonaws.com",
              },
            },
          ],
          "Version": "2012-10-17",
        },
        "ManagedPolicyArns": [
          {
            "Fn::Join": [
              "",
              [
                "arn:",
                {
                  "Ref": "AWS::Partition",
                },
                ":iam::aws:policy/service-role/AWSLambdaBasicExecutionRole",
              ],
            ],
          },
        ],
      },
      "Type": "AWS::IAM::Role",
    },
    "LogRetentionaae0aa3c5b4d4f87b02d85b201efdd8aServiceRoleDefaultPolicyADDA7DEB": {
      "Properties": {
        "PolicyDocument": {
          "Statement": [
            {
              "Action": [
                "logs:PutRetentionPolicy",
                "logs:DeleteRetentionPolicy",
              ],
              "Effect": "Allow",
              "Resource": "*",
            },
          ],
          "Version": "2012-10-17",
        },
        "PolicyName": "LogRetentionaae0aa3c5b4d4f87b02d85b201efdd8aServiceRoleDefaultPolicyADDA7DEB",
        "Roles": [
          {
            "Ref": "LogRetentionaae0aa3c5b4d4f87b02d85b201efdd8aServiceRole9741ECFB",
          },
        ],
      },
      "Type": "AWS::IAM::Policy",
    },
  },
  "Rules": {
    "CheckBootstrapVersion": {
      "Assertions": [
        {
          "Assert": {
            "Fn::Not": [
              {
                "Fn::Contains": [
                  [
                    "1",
                    "2",
                    "3",
                    "4",
                    "5",
                  ],
                  {
                    "Ref": "BootstrapVersion",
                  },
                ],
              },
            ],
          },
          "AssertDescription": "CDK bootstrap stack version 6 required. Please run 'cdk bootstrap' with a recent version of the CDK CLI.",
        },
      ],
    },
  },
}
`;
