// Jest Snapshot v1, https://goo.gl/fbAQLP

exports[`Auth Stack 1`] = `
{
  "Outputs": {
    "AuthGatewayEndpoint49671CC4": {
      "Value": {
        "Fn::Join": [
          "",
          [
            "https://",
            {
              "Ref": "AuthGateway83D5F26D",
            },
            ".execute-api.eu-west-2.",
            {
              "Ref": "AWS::URLSuffix",
            },
            "/",
            {
              "Ref": "AuthGatewayDeploymentStageprodAE1C2F72",
            },
            "/",
          ],
        ],
      },
    },
  },
  "Parameters": {
    "BootstrapVersion": {
      "Default": "/cdk-bootstrap/hnb659fds/version",
      "Description": "Version of the CDK Bootstrap resources in this environment, automatically retrieved from SSM Parameter Store. [cdk:skip]",
      "Type": "AWS::SSM::Parameter::Value<String>",
    },
  },
  "Resources": {
    "AuthAppConfigApplication": {
      "Properties": {
        "Name": "mockapplicationname",
      },
      "Type": "AWS::AppConfig::Application",
    },
    "AuthAppConfigConfigurationProfile": {
      "Properties": {
        "ApplicationId": {
          "Ref": "AuthAppConfigApplication",
        },
        "LocationUri": "hosted",
        "Name": "mockenvironmentname",
        "Type": "AWS.Freeform",
      },
      "Type": "AWS::AppConfig::ConfigurationProfile",
    },
    "AuthAppConfigEnvironment": {
      "Properties": {
        "ApplicationId": {
          "Ref": "AuthAppConfigApplication",
        },
        "Name": "mockenvironmentname",
      },
      "Type": "AWS::AppConfig::Environment",
    },
    "AuthDomain2370CC8A": {
      "Properties": {
        "CertificateArn": "mockCertificateArn",
        "DomainName": "mocksubdomain.mockdomain.test",
        "EndpointConfiguration": {
          "Types": [
            "EDGE",
          ],
        },
        "SecurityPolicy": "TLS_1_2",
      },
      "Type": "AWS::ApiGateway::DomainName",
    },
    "AuthDomainMapAuthStackAuthGateway1EA582623C9FEA9B": {
      "Properties": {
        "DomainName": {
          "Ref": "AuthDomain2370CC8A",
        },
        "RestApiId": {
          "Ref": "AuthGateway83D5F26D",
        },
        "Stage": {
          "Ref": "AuthGatewayDeploymentStageprodAE1C2F72",
        },
      },
      "Type": "AWS::ApiGateway::BasePathMapping",
    },
    "AuthGateway83D5F26D": {
      "Properties": {
        "EndpointConfiguration": {
          "Types": [
            "EDGE",
          ],
        },
        "Name": "AuthGateway",
      },
      "Type": "AWS::ApiGateway::RestApi",
    },
    "AuthGatewayAccount17342C6A": {
      "DeletionPolicy": "Retain",
      "DependsOn": [
        "AuthGateway83D5F26D",
      ],
      "Properties": {
        "CloudWatchRoleArn": {
          "Fn::GetAtt": [
            "AuthGatewayCloudWatchRole465259DB",
            "Arn",
          ],
        },
      },
      "Type": "AWS::ApiGateway::Account",
      "UpdateReplacePolicy": "Retain",
    },
    "AuthGatewayCloudWatchRole465259DB": {
      "DeletionPolicy": "Retain",
      "Properties": {
        "AssumeRolePolicyDocument": {
          "Statement": [
            {
              "Action": "sts:AssumeRole",
              "Effect": "Allow",
              "Principal": {
                "Service": "apigateway.amazonaws.com",
              },
            },
          ],
          "Version": "2012-10-17",
        },
        "ManagedPolicyArns": [
          {
            "Fn::Join": [
              "",
              [
                "arn:",
                {
                  "Ref": "AWS::Partition",
                },
                ":iam::aws:policy/service-role/AmazonAPIGatewayPushToCloudWatchLogs",
              ],
            ],
          },
        ],
      },
      "Type": "AWS::IAM::Role",
      "UpdateReplacePolicy": "Retain",
    },
    "AuthGatewayDeploymentE35D8D60059c1013f45d49806e9a226a10c14e3f": {
      "DependsOn": [
        "AuthGatewaywellknownopenidconfigurationGET6F01C5D5",
        "AuthGatewaywellknownopenidconfiguration457368A3",
        "AuthGatewaywellknown331F0C72",
        "AuthGatewayGET8FB7D431",
        "AuthGatewayjwksGET96FBAC5B",
        "AuthGatewayjwks065735A6",
        "AuthGatewayoidcauthuidGETDB13F97A",
        "AuthGatewayoidcauthuid04F38BC5",
        "AuthGatewayoidcauthGET1E3B847F",
        "AuthGatewayoidcauth315C57FC",
        "AuthGatewayoidcGETDE5F9E2F",
        "AuthGatewayoidcinteractionuidabortGET75125F05",
        "AuthGatewayoidcinteractionuidabort9BBBE649",
        "AuthGatewayoidcinteractionuidconfirmPOST35D61924",
        "AuthGatewayoidcinteractionuidconfirm0B247DBB",
        "AuthGatewayoidcinteractionuidfederatedgoogleGET3D6B5AB7",
        "AuthGatewayoidcinteractionuidfederatedgoogle63999E6D",
        "AuthGatewayoidcinteractionuidfederatedPOST46752891",
        "AuthGatewayoidcinteractionuidfederatedC2057843",
        "AuthGatewayoidcinteractionuidGET40993B29",
        "AuthGatewayoidcinteractionuidAD2647D5",
        "AuthGatewayoidcinteractioncallbackgoogleGETFE5B84AF",
        "AuthGatewayoidcinteractioncallbackgoogleAC19D52D",
        "AuthGatewayoidcinteractioncallbackE211EC11",
        "AuthGatewayoidcinteraction6DA0F764",
        "AuthGatewayoidc8A96E077",
        "AuthGatewayoidcsessionendconfirmPOSTAC69C75F",
        "AuthGatewayoidcsessionendconfirm1103EB92",
        "AuthGatewayoidcsessionendGETDF5EF1EA",
        "AuthGatewayoidcsessionend69510CDD",
        "AuthGatewayoidcsessionendsuccessGET1473BC12",
        "AuthGatewayoidcsessionendsuccessF83199CC",
        "AuthGatewayoidcsessionD75D967F",
        "AuthGatewayoidctokenPOST27BDB2E9",
        "AuthGatewayoidctokenC2FB5F15",
      ],
      "Properties": {
        "Description": "Automatically created by the RestApi construct",
        "RestApiId": {
          "Ref": "AuthGateway83D5F26D",
        },
      },
      "Type": "AWS::ApiGateway::Deployment",
    },
    "AuthGatewayDeploymentStageprodAE1C2F72": {
      "DependsOn": [
        "AuthGatewayAccount17342C6A",
      ],
      "Properties": {
        "DeploymentId": {
          "Ref": "AuthGatewayDeploymentE35D8D60059c1013f45d49806e9a226a10c14e3f",
        },
        "MethodSettings": [
          {
            "DataTraceEnabled": false,
            "HttpMethod": "*",
            "LoggingLevel": "ERROR",
            "MetricsEnabled": true,
            "ResourcePath": "/*",
          },
        ],
        "RestApiId": {
          "Ref": "AuthGateway83D5F26D",
        },
        "StageName": "prod",
        "TracingEnabled": true,
      },
      "Type": "AWS::ApiGateway::Stage",
    },
    "AuthGatewayGET8FB7D431": {
      "Properties": {
        "AuthorizationType": "NONE",
        "HttpMethod": "GET",
        "Integration": {
          "IntegrationHttpMethod": "POST",
          "Type": "AWS_PROXY",
          "Uri": {
            "Fn::Join": [
              "",
              [
                "arn:",
                {
                  "Ref": "AWS::Partition",
                },
                ":apigateway:eu-west-2:lambda:path/2015-03-31/functions/",
                {
                  "Fn::GetAtt": [
                    "AuthRedirectFunctionC0CFE165",
                    "Arn",
                  ],
                },
                "/invocations",
              ],
            ],
          },
        },
        "ResourceId": {
          "Fn::GetAtt": [
            "AuthGateway83D5F26D",
            "RootResourceId",
          ],
        },
        "RestApiId": {
          "Ref": "AuthGateway83D5F26D",
        },
      },
      "Type": "AWS::ApiGateway::Method",
    },
    "AuthGatewayGETApiPermissionAuthStackAuthGateway1EA58262GET4EBF36B9": {
      "Properties": {
        "Action": "lambda:InvokeFunction",
        "FunctionName": {
          "Fn::GetAtt": [
            "AuthRedirectFunctionC0CFE165",
            "Arn",
          ],
        },
        "Principal": "apigateway.amazonaws.com",
        "SourceArn": {
          "Fn::Join": [
            "",
            [
              "arn:",
              {
                "Ref": "AWS::Partition",
              },
              ":execute-api:eu-west-2:12345678:",
              {
                "Ref": "AuthGateway83D5F26D",
              },
              "/",
              {
                "Ref": "AuthGatewayDeploymentStageprodAE1C2F72",
              },
              "/GET/",
            ],
          ],
        },
      },
      "Type": "AWS::Lambda::Permission",
    },
    "AuthGatewayGETApiPermissionTestAuthStackAuthGateway1EA58262GET5421246C": {
      "Properties": {
        "Action": "lambda:InvokeFunction",
        "FunctionName": {
          "Fn::GetAtt": [
            "AuthRedirectFunctionC0CFE165",
            "Arn",
          ],
        },
        "Principal": "apigateway.amazonaws.com",
        "SourceArn": {
          "Fn::Join": [
            "",
            [
              "arn:",
              {
                "Ref": "AWS::Partition",
              },
              ":execute-api:eu-west-2:12345678:",
              {
                "Ref": "AuthGateway83D5F26D",
              },
              "/test-invoke-stage/GET/",
            ],
          ],
        },
      },
      "Type": "AWS::Lambda::Permission",
    },
    "AuthGatewayjwks065735A6": {
      "Properties": {
        "ParentId": {
          "Fn::GetAtt": [
            "AuthGateway83D5F26D",
            "RootResourceId",
          ],
        },
        "PathPart": "jwks",
        "RestApiId": {
          "Ref": "AuthGateway83D5F26D",
        },
      },
      "Type": "AWS::ApiGateway::Resource",
    },
    "AuthGatewayjwksGET96FBAC5B": {
      "Properties": {
        "AuthorizationType": "NONE",
        "HttpMethod": "GET",
        "Integration": {
          "IntegrationHttpMethod": "POST",
          "Type": "AWS_PROXY",
          "Uri": {
            "Fn::Join": [
              "",
              [
                "arn:",
                {
                  "Ref": "AWS::Partition",
                },
                ":apigateway:eu-west-2:lambda:path/2015-03-31/functions/",
                {
                  "Fn::GetAtt": [
                    "AuthOidcFunctionFEAD1639",
                    "Arn",
                  ],
                },
                "/invocations",
              ],
            ],
          },
        },
        "ResourceId": {
          "Ref": "AuthGatewayjwks065735A6",
        },
        "RestApiId": {
          "Ref": "AuthGateway83D5F26D",
        },
      },
      "Type": "AWS::ApiGateway::Method",
    },
    "AuthGatewayjwksGETApiPermissionAuthStackAuthGateway1EA58262GETjwksA3FF5E58": {
      "Properties": {
        "Action": "lambda:InvokeFunction",
        "FunctionName": {
          "Fn::GetAtt": [
            "AuthOidcFunctionFEAD1639",
            "Arn",
          ],
        },
        "Principal": "apigateway.amazonaws.com",
        "SourceArn": {
          "Fn::Join": [
            "",
            [
              "arn:",
              {
                "Ref": "AWS::Partition",
              },
              ":execute-api:eu-west-2:12345678:",
              {
                "Ref": "AuthGateway83D5F26D",
              },
              "/",
              {
                "Ref": "AuthGatewayDeploymentStageprodAE1C2F72",
              },
              "/GET/jwks",
            ],
          ],
        },
      },
      "Type": "AWS::Lambda::Permission",
    },
    "AuthGatewayjwksGETApiPermissionTestAuthStackAuthGateway1EA58262GETjwks6B1D8A16": {
      "Properties": {
        "Action": "lambda:InvokeFunction",
        "FunctionName": {
          "Fn::GetAtt": [
            "AuthOidcFunctionFEAD1639",
            "Arn",
          ],
        },
        "Principal": "apigateway.amazonaws.com",
        "SourceArn": {
          "Fn::Join": [
            "",
            [
              "arn:",
              {
                "Ref": "AWS::Partition",
              },
              ":execute-api:eu-west-2:12345678:",
              {
                "Ref": "AuthGateway83D5F26D",
              },
              "/test-invoke-stage/GET/jwks",
            ],
          ],
        },
      },
      "Type": "AWS::Lambda::Permission",
    },
    "AuthGatewayoidc8A96E077": {
      "Properties": {
        "ParentId": {
          "Fn::GetAtt": [
            "AuthGateway83D5F26D",
            "RootResourceId",
          ],
        },
        "PathPart": "oidc",
        "RestApiId": {
          "Ref": "AuthGateway83D5F26D",
        },
      },
      "Type": "AWS::ApiGateway::Resource",
    },
    "AuthGatewayoidcGETApiPermissionAuthStackAuthGateway1EA58262GEToidcC4F2019F": {
      "Properties": {
        "Action": "lambda:InvokeFunction",
        "FunctionName": {
          "Fn::GetAtt": [
            "AuthRedirectFunctionC0CFE165",
            "Arn",
          ],
        },
        "Principal": "apigateway.amazonaws.com",
        "SourceArn": {
          "Fn::Join": [
            "",
            [
              "arn:",
              {
                "Ref": "AWS::Partition",
              },
              ":execute-api:eu-west-2:12345678:",
              {
                "Ref": "AuthGateway83D5F26D",
              },
              "/",
              {
                "Ref": "AuthGatewayDeploymentStageprodAE1C2F72",
              },
              "/GET/oidc",
            ],
          ],
        },
      },
      "Type": "AWS::Lambda::Permission",
    },
    "AuthGatewayoidcGETApiPermissionTestAuthStackAuthGateway1EA58262GEToidc009D1884": {
      "Properties": {
        "Action": "lambda:InvokeFunction",
        "FunctionName": {
          "Fn::GetAtt": [
            "AuthRedirectFunctionC0CFE165",
            "Arn",
          ],
        },
        "Principal": "apigateway.amazonaws.com",
        "SourceArn": {
          "Fn::Join": [
            "",
            [
              "arn:",
              {
                "Ref": "AWS::Partition",
              },
              ":execute-api:eu-west-2:12345678:",
              {
                "Ref": "AuthGateway83D5F26D",
              },
              "/test-invoke-stage/GET/oidc",
            ],
          ],
        },
      },
      "Type": "AWS::Lambda::Permission",
    },
    "AuthGatewayoidcGETDE5F9E2F": {
      "Properties": {
        "AuthorizationType": "NONE",
        "HttpMethod": "GET",
        "Integration": {
          "IntegrationHttpMethod": "POST",
          "Type": "AWS_PROXY",
          "Uri": {
            "Fn::Join": [
              "",
              [
                "arn:",
                {
                  "Ref": "AWS::Partition",
                },
                ":apigateway:eu-west-2:lambda:path/2015-03-31/functions/",
                {
                  "Fn::GetAtt": [
                    "AuthRedirectFunctionC0CFE165",
                    "Arn",
                  ],
                },
                "/invocations",
              ],
            ],
          },
        },
        "ResourceId": {
          "Ref": "AuthGatewayoidc8A96E077",
        },
        "RestApiId": {
          "Ref": "AuthGateway83D5F26D",
        },
      },
      "Type": "AWS::ApiGateway::Method",
    },
    "AuthGatewayoidcauth315C57FC": {
      "Properties": {
        "ParentId": {
          "Ref": "AuthGatewayoidc8A96E077",
        },
        "PathPart": "auth",
        "RestApiId": {
          "Ref": "AuthGateway83D5F26D",
        },
      },
      "Type": "AWS::ApiGateway::Resource",
    },
    "AuthGatewayoidcauthGET1E3B847F": {
      "Properties": {
        "AuthorizationType": "NONE",
        "HttpMethod": "GET",
        "Integration": {
          "IntegrationHttpMethod": "POST",
          "Type": "AWS_PROXY",
          "Uri": {
            "Fn::Join": [
              "",
              [
                "arn:",
                {
                  "Ref": "AWS::Partition",
                },
                ":apigateway:eu-west-2:lambda:path/2015-03-31/functions/",
                {
                  "Fn::GetAtt": [
                    "AuthOidcFunctionFEAD1639",
                    "Arn",
                  ],
                },
                "/invocations",
              ],
            ],
          },
        },
        "ResourceId": {
          "Ref": "AuthGatewayoidcauth315C57FC",
        },
        "RestApiId": {
          "Ref": "AuthGateway83D5F26D",
        },
      },
      "Type": "AWS::ApiGateway::Method",
    },
    "AuthGatewayoidcauthGETApiPermissionAuthStackAuthGateway1EA58262GEToidcauth88C891F9": {
      "Properties": {
        "Action": "lambda:InvokeFunction",
        "FunctionName": {
          "Fn::GetAtt": [
            "AuthOidcFunctionFEAD1639",
            "Arn",
          ],
        },
        "Principal": "apigateway.amazonaws.com",
        "SourceArn": {
          "Fn::Join": [
            "",
            [
              "arn:",
              {
                "Ref": "AWS::Partition",
              },
              ":execute-api:eu-west-2:12345678:",
              {
                "Ref": "AuthGateway83D5F26D",
              },
              "/",
              {
                "Ref": "AuthGatewayDeploymentStageprodAE1C2F72",
              },
              "/GET/oidc/auth",
            ],
          ],
        },
      },
      "Type": "AWS::Lambda::Permission",
    },
    "AuthGatewayoidcauthGETApiPermissionTestAuthStackAuthGateway1EA58262GEToidcauthEDF9398E": {
      "Properties": {
        "Action": "lambda:InvokeFunction",
        "FunctionName": {
          "Fn::GetAtt": [
            "AuthOidcFunctionFEAD1639",
            "Arn",
          ],
        },
        "Principal": "apigateway.amazonaws.com",
        "SourceArn": {
          "Fn::Join": [
            "",
            [
              "arn:",
              {
                "Ref": "AWS::Partition",
              },
              ":execute-api:eu-west-2:12345678:",
              {
                "Ref": "AuthGateway83D5F26D",
              },
              "/test-invoke-stage/GET/oidc/auth",
            ],
          ],
        },
      },
      "Type": "AWS::Lambda::Permission",
    },
    "AuthGatewayoidcauthuid04F38BC5": {
      "Properties": {
        "ParentId": {
          "Ref": "AuthGatewayoidcauth315C57FC",
        },
        "PathPart": "{uid}",
        "RestApiId": {
          "Ref": "AuthGateway83D5F26D",
        },
      },
      "Type": "AWS::ApiGateway::Resource",
    },
    "AuthGatewayoidcauthuidGETApiPermissionAuthStackAuthGateway1EA58262GEToidcauthuid51EA61DD": {
      "Properties": {
        "Action": "lambda:InvokeFunction",
        "FunctionName": {
          "Fn::GetAtt": [
            "AuthOidcFunctionFEAD1639",
            "Arn",
          ],
        },
        "Principal": "apigateway.amazonaws.com",
        "SourceArn": {
          "Fn::Join": [
            "",
            [
              "arn:",
              {
                "Ref": "AWS::Partition",
              },
              ":execute-api:eu-west-2:12345678:",
              {
                "Ref": "AuthGateway83D5F26D",
              },
              "/",
              {
                "Ref": "AuthGatewayDeploymentStageprodAE1C2F72",
              },
              "/GET/oidc/auth/*",
            ],
          ],
        },
      },
      "Type": "AWS::Lambda::Permission",
    },
    "AuthGatewayoidcauthuidGETApiPermissionTestAuthStackAuthGateway1EA58262GEToidcauthuid9F90A849": {
      "Properties": {
        "Action": "lambda:InvokeFunction",
        "FunctionName": {
          "Fn::GetAtt": [
            "AuthOidcFunctionFEAD1639",
            "Arn",
          ],
        },
        "Principal": "apigateway.amazonaws.com",
        "SourceArn": {
          "Fn::Join": [
            "",
            [
              "arn:",
              {
                "Ref": "AWS::Partition",
              },
              ":execute-api:eu-west-2:12345678:",
              {
                "Ref": "AuthGateway83D5F26D",
              },
              "/test-invoke-stage/GET/oidc/auth/*",
            ],
          ],
        },
      },
      "Type": "AWS::Lambda::Permission",
    },
    "AuthGatewayoidcauthuidGETDB13F97A": {
      "Properties": {
        "AuthorizationType": "NONE",
        "HttpMethod": "GET",
        "Integration": {
          "IntegrationHttpMethod": "POST",
          "Type": "AWS_PROXY",
          "Uri": {
            "Fn::Join": [
              "",
              [
                "arn:",
                {
                  "Ref": "AWS::Partition",
                },
                ":apigateway:eu-west-2:lambda:path/2015-03-31/functions/",
                {
                  "Fn::GetAtt": [
                    "AuthOidcFunctionFEAD1639",
                    "Arn",
                  ],
                },
                "/invocations",
              ],
            ],
          },
        },
        "ResourceId": {
          "Ref": "AuthGatewayoidcauthuid04F38BC5",
        },
        "RestApiId": {
          "Ref": "AuthGateway83D5F26D",
        },
      },
      "Type": "AWS::ApiGateway::Method",
    },
    "AuthGatewayoidcinteraction6DA0F764": {
      "Properties": {
        "ParentId": {
          "Ref": "AuthGatewayoidc8A96E077",
        },
        "PathPart": "interaction",
        "RestApiId": {
          "Ref": "AuthGateway83D5F26D",
        },
      },
      "Type": "AWS::ApiGateway::Resource",
    },
    "AuthGatewayoidcinteractioncallbackE211EC11": {
      "Properties": {
        "ParentId": {
          "Ref": "AuthGatewayoidcinteraction6DA0F764",
        },
        "PathPart": "callback",
        "RestApiId": {
          "Ref": "AuthGateway83D5F26D",
        },
      },
      "Type": "AWS::ApiGateway::Resource",
    },
    "AuthGatewayoidcinteractioncallbackgoogleAC19D52D": {
      "Properties": {
        "ParentId": {
          "Ref": "AuthGatewayoidcinteractioncallbackE211EC11",
        },
        "PathPart": "google",
        "RestApiId": {
          "Ref": "AuthGateway83D5F26D",
        },
      },
      "Type": "AWS::ApiGateway::Resource",
    },
    "AuthGatewayoidcinteractioncallbackgoogleGETApiPermissionAuthStackAuthGateway1EA58262GEToidcinteractioncallbackgoogle9C8FE0F2": {
      "Properties": {
        "Action": "lambda:InvokeFunction",
        "FunctionName": {
          "Fn::GetAtt": [
            "AuthOidcFunctionFEAD1639",
            "Arn",
          ],
        },
        "Principal": "apigateway.amazonaws.com",
        "SourceArn": {
          "Fn::Join": [
            "",
            [
              "arn:",
              {
                "Ref": "AWS::Partition",
              },
              ":execute-api:eu-west-2:12345678:",
              {
                "Ref": "AuthGateway83D5F26D",
              },
              "/",
              {
                "Ref": "AuthGatewayDeploymentStageprodAE1C2F72",
              },
              "/GET/oidc/interaction/callback/google",
            ],
          ],
        },
      },
      "Type": "AWS::Lambda::Permission",
    },
    "AuthGatewayoidcinteractioncallbackgoogleGETApiPermissionTestAuthStackAuthGateway1EA58262GEToidcinteractioncallbackgoogleF1B8F95B": {
      "Properties": {
        "Action": "lambda:InvokeFunction",
        "FunctionName": {
          "Fn::GetAtt": [
            "AuthOidcFunctionFEAD1639",
            "Arn",
          ],
        },
        "Principal": "apigateway.amazonaws.com",
        "SourceArn": {
          "Fn::Join": [
            "",
            [
              "arn:",
              {
                "Ref": "AWS::Partition",
              },
              ":execute-api:eu-west-2:12345678:",
              {
                "Ref": "AuthGateway83D5F26D",
              },
              "/test-invoke-stage/GET/oidc/interaction/callback/google",
            ],
          ],
        },
      },
      "Type": "AWS::Lambda::Permission",
    },
    "AuthGatewayoidcinteractioncallbackgoogleGETFE5B84AF": {
      "Properties": {
        "AuthorizationType": "NONE",
        "HttpMethod": "GET",
        "Integration": {
          "IntegrationHttpMethod": "POST",
          "Type": "AWS_PROXY",
          "Uri": {
            "Fn::Join": [
              "",
              [
                "arn:",
                {
                  "Ref": "AWS::Partition",
                },
                ":apigateway:eu-west-2:lambda:path/2015-03-31/functions/",
                {
                  "Fn::GetAtt": [
                    "AuthOidcFunctionFEAD1639",
                    "Arn",
                  ],
                },
                "/invocations",
              ],
            ],
          },
        },
        "ResourceId": {
          "Ref": "AuthGatewayoidcinteractioncallbackgoogleAC19D52D",
        },
        "RestApiId": {
          "Ref": "AuthGateway83D5F26D",
        },
      },
      "Type": "AWS::ApiGateway::Method",
    },
    "AuthGatewayoidcinteractionuidAD2647D5": {
      "Properties": {
        "ParentId": {
          "Ref": "AuthGatewayoidcinteraction6DA0F764",
        },
        "PathPart": "{uid}",
        "RestApiId": {
          "Ref": "AuthGateway83D5F26D",
        },
      },
      "Type": "AWS::ApiGateway::Resource",
    },
    "AuthGatewayoidcinteractionuidGET40993B29": {
      "Properties": {
        "AuthorizationType": "NONE",
        "HttpMethod": "GET",
        "Integration": {
          "IntegrationHttpMethod": "POST",
          "Type": "AWS_PROXY",
          "Uri": {
            "Fn::Join": [
              "",
              [
                "arn:",
                {
                  "Ref": "AWS::Partition",
                },
                ":apigateway:eu-west-2:lambda:path/2015-03-31/functions/",
                {
                  "Fn::GetAtt": [
                    "AuthOidcFunctionFEAD1639",
                    "Arn",
                  ],
                },
                "/invocations",
              ],
            ],
          },
        },
        "ResourceId": {
          "Ref": "AuthGatewayoidcinteractionuidAD2647D5",
        },
        "RestApiId": {
          "Ref": "AuthGateway83D5F26D",
        },
      },
      "Type": "AWS::ApiGateway::Method",
    },
    "AuthGatewayoidcinteractionuidGETApiPermissionAuthStackAuthGateway1EA58262GEToidcinteractionuid9DF74584": {
      "Properties": {
        "Action": "lambda:InvokeFunction",
        "FunctionName": {
          "Fn::GetAtt": [
            "AuthOidcFunctionFEAD1639",
            "Arn",
          ],
        },
        "Principal": "apigateway.amazonaws.com",
        "SourceArn": {
          "Fn::Join": [
            "",
            [
              "arn:",
              {
                "Ref": "AWS::Partition",
              },
              ":execute-api:eu-west-2:12345678:",
              {
                "Ref": "AuthGateway83D5F26D",
              },
              "/",
              {
                "Ref": "AuthGatewayDeploymentStageprodAE1C2F72",
              },
              "/GET/oidc/interaction/*",
            ],
          ],
        },
      },
      "Type": "AWS::Lambda::Permission",
    },
    "AuthGatewayoidcinteractionuidGETApiPermissionTestAuthStackAuthGateway1EA58262GEToidcinteractionuidC0ECB160": {
      "Properties": {
        "Action": "lambda:InvokeFunction",
        "FunctionName": {
          "Fn::GetAtt": [
            "AuthOidcFunctionFEAD1639",
            "Arn",
          ],
        },
        "Principal": "apigateway.amazonaws.com",
        "SourceArn": {
          "Fn::Join": [
            "",
            [
              "arn:",
              {
                "Ref": "AWS::Partition",
              },
              ":execute-api:eu-west-2:12345678:",
              {
                "Ref": "AuthGateway83D5F26D",
              },
              "/test-invoke-stage/GET/oidc/interaction/*",
            ],
          ],
        },
      },
      "Type": "AWS::Lambda::Permission",
    },
    "AuthGatewayoidcinteractionuidabort9BBBE649": {
      "Properties": {
        "ParentId": {
          "Ref": "AuthGatewayoidcinteractionuidAD2647D5",
        },
        "PathPart": "abort",
        "RestApiId": {
          "Ref": "AuthGateway83D5F26D",
        },
      },
      "Type": "AWS::ApiGateway::Resource",
    },
    "AuthGatewayoidcinteractionuidabortGET75125F05": {
      "Properties": {
        "AuthorizationType": "NONE",
        "HttpMethod": "GET",
        "Integration": {
          "IntegrationHttpMethod": "POST",
          "Type": "AWS_PROXY",
          "Uri": {
            "Fn::Join": [
              "",
              [
                "arn:",
                {
                  "Ref": "AWS::Partition",
                },
                ":apigateway:eu-west-2:lambda:path/2015-03-31/functions/",
                {
                  "Fn::GetAtt": [
                    "AuthOidcFunctionFEAD1639",
                    "Arn",
                  ],
                },
                "/invocations",
              ],
            ],
          },
        },
        "ResourceId": {
          "Ref": "AuthGatewayoidcinteractionuidabort9BBBE649",
        },
        "RestApiId": {
          "Ref": "AuthGateway83D5F26D",
        },
      },
      "Type": "AWS::ApiGateway::Method",
    },
    "AuthGatewayoidcinteractionuidabortGETApiPermissionAuthStackAuthGateway1EA58262GEToidcinteractionuidabortD2BC32C5": {
      "Properties": {
        "Action": "lambda:InvokeFunction",
        "FunctionName": {
          "Fn::GetAtt": [
            "AuthOidcFunctionFEAD1639",
            "Arn",
          ],
        },
        "Principal": "apigateway.amazonaws.com",
        "SourceArn": {
          "Fn::Join": [
            "",
            [
              "arn:",
              {
                "Ref": "AWS::Partition",
              },
              ":execute-api:eu-west-2:12345678:",
              {
                "Ref": "AuthGateway83D5F26D",
              },
              "/",
              {
                "Ref": "AuthGatewayDeploymentStageprodAE1C2F72",
              },
              "/GET/oidc/interaction/*/abort",
            ],
          ],
        },
      },
      "Type": "AWS::Lambda::Permission",
    },
    "AuthGatewayoidcinteractionuidabortGETApiPermissionTestAuthStackAuthGateway1EA58262GEToidcinteractionuidabort1BB146E6": {
      "Properties": {
        "Action": "lambda:InvokeFunction",
        "FunctionName": {
          "Fn::GetAtt": [
            "AuthOidcFunctionFEAD1639",
            "Arn",
          ],
        },
        "Principal": "apigateway.amazonaws.com",
        "SourceArn": {
          "Fn::Join": [
            "",
            [
              "arn:",
              {
                "Ref": "AWS::Partition",
              },
              ":execute-api:eu-west-2:12345678:",
              {
                "Ref": "AuthGateway83D5F26D",
              },
              "/test-invoke-stage/GET/oidc/interaction/*/abort",
            ],
          ],
        },
      },
      "Type": "AWS::Lambda::Permission",
    },
    "AuthGatewayoidcinteractionuidconfirm0B247DBB": {
      "Properties": {
        "ParentId": {
          "Ref": "AuthGatewayoidcinteractionuidAD2647D5",
        },
        "PathPart": "confirm",
        "RestApiId": {
          "Ref": "AuthGateway83D5F26D",
        },
      },
      "Type": "AWS::ApiGateway::Resource",
    },
    "AuthGatewayoidcinteractionuidconfirmPOST35D61924": {
      "Properties": {
        "AuthorizationType": "NONE",
        "HttpMethod": "POST",
        "Integration": {
          "IntegrationHttpMethod": "POST",
          "Type": "AWS_PROXY",
          "Uri": {
            "Fn::Join": [
              "",
              [
                "arn:",
                {
                  "Ref": "AWS::Partition",
                },
                ":apigateway:eu-west-2:lambda:path/2015-03-31/functions/",
                {
                  "Fn::GetAtt": [
                    "AuthOidcFunctionFEAD1639",
                    "Arn",
                  ],
                },
                "/invocations",
              ],
            ],
          },
        },
        "ResourceId": {
          "Ref": "AuthGatewayoidcinteractionuidconfirm0B247DBB",
        },
        "RestApiId": {
          "Ref": "AuthGateway83D5F26D",
        },
      },
      "Type": "AWS::ApiGateway::Method",
    },
    "AuthGatewayoidcinteractionuidconfirmPOSTApiPermissionAuthStackAuthGateway1EA58262POSToidcinteractionuidconfirm7ED13E58": {
      "Properties": {
        "Action": "lambda:InvokeFunction",
        "FunctionName": {
          "Fn::GetAtt": [
            "AuthOidcFunctionFEAD1639",
            "Arn",
          ],
        },
        "Principal": "apigateway.amazonaws.com",
        "SourceArn": {
          "Fn::Join": [
            "",
            [
              "arn:",
              {
                "Ref": "AWS::Partition",
              },
              ":execute-api:eu-west-2:12345678:",
              {
                "Ref": "AuthGateway83D5F26D",
              },
              "/",
              {
                "Ref": "AuthGatewayDeploymentStageprodAE1C2F72",
              },
              "/POST/oidc/interaction/*/confirm",
            ],
          ],
        },
      },
      "Type": "AWS::Lambda::Permission",
    },
    "AuthGatewayoidcinteractionuidconfirmPOSTApiPermissionTestAuthStackAuthGateway1EA58262POSToidcinteractionuidconfirmA126A743": {
      "Properties": {
        "Action": "lambda:InvokeFunction",
        "FunctionName": {
          "Fn::GetAtt": [
            "AuthOidcFunctionFEAD1639",
            "Arn",
          ],
        },
        "Principal": "apigateway.amazonaws.com",
        "SourceArn": {
          "Fn::Join": [
            "",
            [
              "arn:",
              {
                "Ref": "AWS::Partition",
              },
              ":execute-api:eu-west-2:12345678:",
              {
                "Ref": "AuthGateway83D5F26D",
              },
              "/test-invoke-stage/POST/oidc/interaction/*/confirm",
            ],
          ],
        },
      },
      "Type": "AWS::Lambda::Permission",
    },
    "AuthGatewayoidcinteractionuidfederatedC2057843": {
      "Properties": {
        "ParentId": {
          "Ref": "AuthGatewayoidcinteractionuidAD2647D5",
        },
        "PathPart": "federated",
        "RestApiId": {
          "Ref": "AuthGateway83D5F26D",
        },
      },
      "Type": "AWS::ApiGateway::Resource",
    },
    "AuthGatewayoidcinteractionuidfederatedPOST46752891": {
      "Properties": {
        "AuthorizationType": "NONE",
        "HttpMethod": "POST",
        "Integration": {
          "IntegrationHttpMethod": "POST",
          "Type": "AWS_PROXY",
          "Uri": {
            "Fn::Join": [
              "",
              [
                "arn:",
                {
                  "Ref": "AWS::Partition",
                },
                ":apigateway:eu-west-2:lambda:path/2015-03-31/functions/",
                {
                  "Fn::GetAtt": [
                    "AuthOidcFunctionFEAD1639",
                    "Arn",
                  ],
                },
                "/invocations",
              ],
            ],
          },
        },
        "ResourceId": {
          "Ref": "AuthGatewayoidcinteractionuidfederatedC2057843",
        },
        "RestApiId": {
          "Ref": "AuthGateway83D5F26D",
        },
      },
      "Type": "AWS::ApiGateway::Method",
    },
    "AuthGatewayoidcinteractionuidfederatedPOSTApiPermissionAuthStackAuthGateway1EA58262POSToidcinteractionuidfederatedE76FB87D": {
      "Properties": {
        "Action": "lambda:InvokeFunction",
        "FunctionName": {
          "Fn::GetAtt": [
            "AuthOidcFunctionFEAD1639",
            "Arn",
          ],
        },
        "Principal": "apigateway.amazonaws.com",
        "SourceArn": {
          "Fn::Join": [
            "",
            [
              "arn:",
              {
                "Ref": "AWS::Partition",
              },
              ":execute-api:eu-west-2:12345678:",
              {
                "Ref": "AuthGateway83D5F26D",
              },
              "/",
              {
                "Ref": "AuthGatewayDeploymentStageprodAE1C2F72",
              },
              "/POST/oidc/interaction/*/federated",
            ],
          ],
        },
      },
      "Type": "AWS::Lambda::Permission",
    },
    "AuthGatewayoidcinteractionuidfederatedPOSTApiPermissionTestAuthStackAuthGateway1EA58262POSToidcinteractionuidfederated1CA01FD1": {
      "Properties": {
        "Action": "lambda:InvokeFunction",
        "FunctionName": {
          "Fn::GetAtt": [
            "AuthOidcFunctionFEAD1639",
            "Arn",
          ],
        },
        "Principal": "apigateway.amazonaws.com",
        "SourceArn": {
          "Fn::Join": [
            "",
            [
              "arn:",
              {
                "Ref": "AWS::Partition",
              },
              ":execute-api:eu-west-2:12345678:",
              {
                "Ref": "AuthGateway83D5F26D",
              },
              "/test-invoke-stage/POST/oidc/interaction/*/federated",
            ],
          ],
        },
      },
      "Type": "AWS::Lambda::Permission",
    },
    "AuthGatewayoidcinteractionuidfederatedgoogle63999E6D": {
      "Properties": {
        "ParentId": {
          "Ref": "AuthGatewayoidcinteractionuidfederatedC2057843",
        },
        "PathPart": "google",
        "RestApiId": {
          "Ref": "AuthGateway83D5F26D",
        },
      },
      "Type": "AWS::ApiGateway::Resource",
    },
    "AuthGatewayoidcinteractionuidfederatedgoogleGET3D6B5AB7": {
      "Properties": {
        "AuthorizationType": "NONE",
        "HttpMethod": "GET",
        "Integration": {
          "IntegrationHttpMethod": "POST",
          "Type": "AWS_PROXY",
          "Uri": {
            "Fn::Join": [
              "",
              [
                "arn:",
                {
                  "Ref": "AWS::Partition",
                },
                ":apigateway:eu-west-2:lambda:path/2015-03-31/functions/",
                {
                  "Fn::GetAtt": [
                    "AuthOidcFunctionFEAD1639",
                    "Arn",
                  ],
                },
                "/invocations",
              ],
            ],
          },
        },
        "ResourceId": {
          "Ref": "AuthGatewayoidcinteractionuidfederatedgoogle63999E6D",
        },
        "RestApiId": {
          "Ref": "AuthGateway83D5F26D",
        },
      },
      "Type": "AWS::ApiGateway::Method",
    },
    "AuthGatewayoidcinteractionuidfederatedgoogleGETApiPermissionAuthStackAuthGateway1EA58262GEToidcinteractionuidfederatedgoogleEB8EF6D7": {
      "Properties": {
        "Action": "lambda:InvokeFunction",
        "FunctionName": {
          "Fn::GetAtt": [
            "AuthOidcFunctionFEAD1639",
            "Arn",
          ],
        },
        "Principal": "apigateway.amazonaws.com",
        "SourceArn": {
          "Fn::Join": [
            "",
            [
              "arn:",
              {
                "Ref": "AWS::Partition",
              },
              ":execute-api:eu-west-2:12345678:",
              {
                "Ref": "AuthGateway83D5F26D",
              },
              "/",
              {
                "Ref": "AuthGatewayDeploymentStageprodAE1C2F72",
              },
              "/GET/oidc/interaction/*/federated/google",
            ],
          ],
        },
      },
      "Type": "AWS::Lambda::Permission",
    },
    "AuthGatewayoidcinteractionuidfederatedgoogleGETApiPermissionTestAuthStackAuthGateway1EA58262GEToidcinteractionuidfederatedgoogle50EE13B4": {
      "Properties": {
        "Action": "lambda:InvokeFunction",
        "FunctionName": {
          "Fn::GetAtt": [
            "AuthOidcFunctionFEAD1639",
            "Arn",
          ],
        },
        "Principal": "apigateway.amazonaws.com",
        "SourceArn": {
          "Fn::Join": [
            "",
            [
              "arn:",
              {
                "Ref": "AWS::Partition",
              },
              ":execute-api:eu-west-2:12345678:",
              {
                "Ref": "AuthGateway83D5F26D",
              },
              "/test-invoke-stage/GET/oidc/interaction/*/federated/google",
            ],
          ],
        },
      },
      "Type": "AWS::Lambda::Permission",
    },
    "AuthGatewayoidcsessionD75D967F": {
      "Properties": {
        "ParentId": {
          "Ref": "AuthGatewayoidc8A96E077",
        },
        "PathPart": "session",
        "RestApiId": {
          "Ref": "AuthGateway83D5F26D",
        },
      },
      "Type": "AWS::ApiGateway::Resource",
    },
    "AuthGatewayoidcsessionend69510CDD": {
      "Properties": {
        "ParentId": {
          "Ref": "AuthGatewayoidcsessionD75D967F",
        },
        "PathPart": "end",
        "RestApiId": {
          "Ref": "AuthGateway83D5F26D",
        },
      },
      "Type": "AWS::ApiGateway::Resource",
    },
    "AuthGatewayoidcsessionendGETApiPermissionAuthStackAuthGateway1EA58262GEToidcsessionendB3373F3D": {
      "Properties": {
        "Action": "lambda:InvokeFunction",
        "FunctionName": {
          "Fn::GetAtt": [
            "AuthOidcFunctionFEAD1639",
            "Arn",
          ],
        },
        "Principal": "apigateway.amazonaws.com",
        "SourceArn": {
          "Fn::Join": [
            "",
            [
              "arn:",
              {
                "Ref": "AWS::Partition",
              },
              ":execute-api:eu-west-2:12345678:",
              {
                "Ref": "AuthGateway83D5F26D",
              },
              "/",
              {
                "Ref": "AuthGatewayDeploymentStageprodAE1C2F72",
              },
              "/GET/oidc/session/end",
            ],
          ],
        },
      },
      "Type": "AWS::Lambda::Permission",
    },
    "AuthGatewayoidcsessionendGETApiPermissionTestAuthStackAuthGateway1EA58262GEToidcsessionendC0078BEB": {
      "Properties": {
        "Action": "lambda:InvokeFunction",
        "FunctionName": {
          "Fn::GetAtt": [
            "AuthOidcFunctionFEAD1639",
            "Arn",
          ],
        },
        "Principal": "apigateway.amazonaws.com",
        "SourceArn": {
          "Fn::Join": [
            "",
            [
              "arn:",
              {
                "Ref": "AWS::Partition",
              },
              ":execute-api:eu-west-2:12345678:",
              {
                "Ref": "AuthGateway83D5F26D",
              },
              "/test-invoke-stage/GET/oidc/session/end",
            ],
          ],
        },
      },
      "Type": "AWS::Lambda::Permission",
    },
    "AuthGatewayoidcsessionendGETDF5EF1EA": {
      "Properties": {
        "AuthorizationType": "NONE",
        "HttpMethod": "GET",
        "Integration": {
          "IntegrationHttpMethod": "POST",
          "Type": "AWS_PROXY",
          "Uri": {
            "Fn::Join": [
              "",
              [
                "arn:",
                {
                  "Ref": "AWS::Partition",
                },
                ":apigateway:eu-west-2:lambda:path/2015-03-31/functions/",
                {
                  "Fn::GetAtt": [
                    "AuthOidcFunctionFEAD1639",
                    "Arn",
                  ],
                },
                "/invocations",
              ],
            ],
          },
        },
        "ResourceId": {
          "Ref": "AuthGatewayoidcsessionend69510CDD",
        },
        "RestApiId": {
          "Ref": "AuthGateway83D5F26D",
        },
      },
      "Type": "AWS::ApiGateway::Method",
    },
    "AuthGatewayoidcsessionendconfirm1103EB92": {
      "Properties": {
        "ParentId": {
          "Ref": "AuthGatewayoidcsessionend69510CDD",
        },
        "PathPart": "confirm",
        "RestApiId": {
          "Ref": "AuthGateway83D5F26D",
        },
      },
      "Type": "AWS::ApiGateway::Resource",
    },
    "AuthGatewayoidcsessionendconfirmPOSTAC69C75F": {
      "Properties": {
        "AuthorizationType": "NONE",
        "HttpMethod": "POST",
        "Integration": {
          "IntegrationHttpMethod": "POST",
          "Type": "AWS_PROXY",
          "Uri": {
            "Fn::Join": [
              "",
              [
                "arn:",
                {
                  "Ref": "AWS::Partition",
                },
                ":apigateway:eu-west-2:lambda:path/2015-03-31/functions/",
                {
                  "Fn::GetAtt": [
                    "AuthOidcFunctionFEAD1639",
                    "Arn",
                  ],
                },
                "/invocations",
              ],
            ],
          },
        },
        "ResourceId": {
          "Ref": "AuthGatewayoidcsessionendconfirm1103EB92",
        },
        "RestApiId": {
          "Ref": "AuthGateway83D5F26D",
        },
      },
      "Type": "AWS::ApiGateway::Method",
    },
    "AuthGatewayoidcsessionendconfirmPOSTApiPermissionAuthStackAuthGateway1EA58262POSToidcsessionendconfirmA74321BA": {
      "Properties": {
        "Action": "lambda:InvokeFunction",
        "FunctionName": {
          "Fn::GetAtt": [
            "AuthOidcFunctionFEAD1639",
            "Arn",
          ],
        },
        "Principal": "apigateway.amazonaws.com",
        "SourceArn": {
          "Fn::Join": [
            "",
            [
              "arn:",
              {
                "Ref": "AWS::Partition",
              },
              ":execute-api:eu-west-2:12345678:",
              {
                "Ref": "AuthGateway83D5F26D",
              },
              "/",
              {
                "Ref": "AuthGatewayDeploymentStageprodAE1C2F72",
              },
              "/POST/oidc/session/end/confirm",
            ],
          ],
        },
      },
      "Type": "AWS::Lambda::Permission",
    },
    "AuthGatewayoidcsessionendconfirmPOSTApiPermissionTestAuthStackAuthGateway1EA58262POSToidcsessionendconfirm608A4397": {
      "Properties": {
        "Action": "lambda:InvokeFunction",
        "FunctionName": {
          "Fn::GetAtt": [
            "AuthOidcFunctionFEAD1639",
            "Arn",
          ],
        },
        "Principal": "apigateway.amazonaws.com",
        "SourceArn": {
          "Fn::Join": [
            "",
            [
              "arn:",
              {
                "Ref": "AWS::Partition",
              },
              ":execute-api:eu-west-2:12345678:",
              {
                "Ref": "AuthGateway83D5F26D",
              },
              "/test-invoke-stage/POST/oidc/session/end/confirm",
            ],
          ],
        },
      },
      "Type": "AWS::Lambda::Permission",
    },
    "AuthGatewayoidcsessionendsuccessF83199CC": {
      "Properties": {
        "ParentId": {
          "Ref": "AuthGatewayoidcsessionend69510CDD",
        },
        "PathPart": "success",
        "RestApiId": {
          "Ref": "AuthGateway83D5F26D",
        },
      },
      "Type": "AWS::ApiGateway::Resource",
    },
    "AuthGatewayoidcsessionendsuccessGET1473BC12": {
      "Properties": {
        "AuthorizationType": "NONE",
        "HttpMethod": "GET",
        "Integration": {
          "IntegrationHttpMethod": "POST",
          "Type": "AWS_PROXY",
          "Uri": {
            "Fn::Join": [
              "",
              [
                "arn:",
                {
                  "Ref": "AWS::Partition",
                },
                ":apigateway:eu-west-2:lambda:path/2015-03-31/functions/",
                {
                  "Fn::GetAtt": [
                    "AuthOidcFunctionFEAD1639",
                    "Arn",
                  ],
                },
                "/invocations",
              ],
            ],
          },
        },
        "ResourceId": {
          "Ref": "AuthGatewayoidcsessionendsuccessF83199CC",
        },
        "RestApiId": {
          "Ref": "AuthGateway83D5F26D",
        },
      },
      "Type": "AWS::ApiGateway::Method",
    },
    "AuthGatewayoidcsessionendsuccessGETApiPermissionAuthStackAuthGateway1EA58262GEToidcsessionendsuccess0E1F2023": {
      "Properties": {
        "Action": "lambda:InvokeFunction",
        "FunctionName": {
          "Fn::GetAtt": [
            "AuthOidcFunctionFEAD1639",
            "Arn",
          ],
        },
        "Principal": "apigateway.amazonaws.com",
        "SourceArn": {
          "Fn::Join": [
            "",
            [
              "arn:",
              {
                "Ref": "AWS::Partition",
              },
              ":execute-api:eu-west-2:12345678:",
              {
                "Ref": "AuthGateway83D5F26D",
              },
              "/",
              {
                "Ref": "AuthGatewayDeploymentStageprodAE1C2F72",
              },
              "/GET/oidc/session/end/success",
            ],
          ],
        },
      },
      "Type": "AWS::Lambda::Permission",
    },
    "AuthGatewayoidcsessionendsuccessGETApiPermissionTestAuthStackAuthGateway1EA58262GEToidcsessionendsuccess551047B6": {
      "Properties": {
        "Action": "lambda:InvokeFunction",
        "FunctionName": {
          "Fn::GetAtt": [
            "AuthOidcFunctionFEAD1639",
            "Arn",
          ],
        },
        "Principal": "apigateway.amazonaws.com",
        "SourceArn": {
          "Fn::Join": [
            "",
            [
              "arn:",
              {
                "Ref": "AWS::Partition",
              },
              ":execute-api:eu-west-2:12345678:",
              {
                "Ref": "AuthGateway83D5F26D",
              },
              "/test-invoke-stage/GET/oidc/session/end/success",
            ],
          ],
        },
      },
      "Type": "AWS::Lambda::Permission",
    },
    "AuthGatewayoidctokenC2FB5F15": {
      "Properties": {
        "ParentId": {
          "Ref": "AuthGatewayoidc8A96E077",
        },
        "PathPart": "token",
        "RestApiId": {
          "Ref": "AuthGateway83D5F26D",
        },
      },
      "Type": "AWS::ApiGateway::Resource",
    },
    "AuthGatewayoidctokenPOST27BDB2E9": {
      "Properties": {
        "AuthorizationType": "NONE",
        "HttpMethod": "POST",
        "Integration": {
          "IntegrationHttpMethod": "POST",
          "Type": "AWS_PROXY",
          "Uri": {
            "Fn::Join": [
              "",
              [
                "arn:",
                {
                  "Ref": "AWS::Partition",
                },
                ":apigateway:eu-west-2:lambda:path/2015-03-31/functions/",
                {
                  "Fn::GetAtt": [
                    "AuthOidcFunctionFEAD1639",
                    "Arn",
                  ],
                },
                "/invocations",
              ],
            ],
          },
        },
        "ResourceId": {
          "Ref": "AuthGatewayoidctokenC2FB5F15",
        },
        "RestApiId": {
          "Ref": "AuthGateway83D5F26D",
        },
      },
      "Type": "AWS::ApiGateway::Method",
    },
    "AuthGatewayoidctokenPOSTApiPermissionAuthStackAuthGateway1EA58262POSToidctoken99063A29": {
      "Properties": {
        "Action": "lambda:InvokeFunction",
        "FunctionName": {
          "Fn::GetAtt": [
            "AuthOidcFunctionFEAD1639",
            "Arn",
          ],
        },
        "Principal": "apigateway.amazonaws.com",
        "SourceArn": {
          "Fn::Join": [
            "",
            [
              "arn:",
              {
                "Ref": "AWS::Partition",
              },
              ":execute-api:eu-west-2:12345678:",
              {
                "Ref": "AuthGateway83D5F26D",
              },
              "/",
              {
                "Ref": "AuthGatewayDeploymentStageprodAE1C2F72",
              },
              "/POST/oidc/token",
            ],
          ],
        },
      },
      "Type": "AWS::Lambda::Permission",
    },
    "AuthGatewayoidctokenPOSTApiPermissionTestAuthStackAuthGateway1EA58262POSToidctokenA9DED87F": {
      "Properties": {
        "Action": "lambda:InvokeFunction",
        "FunctionName": {
          "Fn::GetAtt": [
            "AuthOidcFunctionFEAD1639",
            "Arn",
          ],
        },
        "Principal": "apigateway.amazonaws.com",
        "SourceArn": {
          "Fn::Join": [
            "",
            [
              "arn:",
              {
                "Ref": "AWS::Partition",
              },
              ":execute-api:eu-west-2:12345678:",
              {
                "Ref": "AuthGateway83D5F26D",
              },
              "/test-invoke-stage/POST/oidc/token",
            ],
          ],
        },
      },
      "Type": "AWS::Lambda::Permission",
    },
    "AuthGatewaywellknown331F0C72": {
      "Properties": {
        "ParentId": {
          "Fn::GetAtt": [
            "AuthGateway83D5F26D",
            "RootResourceId",
          ],
        },
        "PathPart": ".well-known",
        "RestApiId": {
          "Ref": "AuthGateway83D5F26D",
        },
      },
      "Type": "AWS::ApiGateway::Resource",
    },
    "AuthGatewaywellknownopenidconfiguration457368A3": {
      "Properties": {
        "ParentId": {
          "Ref": "AuthGatewaywellknown331F0C72",
        },
        "PathPart": "openid-configuration",
        "RestApiId": {
          "Ref": "AuthGateway83D5F26D",
        },
      },
      "Type": "AWS::ApiGateway::Resource",
    },
    "AuthGatewaywellknownopenidconfigurationGET6F01C5D5": {
      "Properties": {
        "AuthorizationType": "NONE",
        "HttpMethod": "GET",
        "Integration": {
          "IntegrationHttpMethod": "POST",
          "Type": "AWS_PROXY",
          "Uri": {
            "Fn::Join": [
              "",
              [
                "arn:",
                {
                  "Ref": "AWS::Partition",
                },
                ":apigateway:eu-west-2:lambda:path/2015-03-31/functions/",
                {
                  "Fn::GetAtt": [
                    "AuthOidcFunctionFEAD1639",
                    "Arn",
                  ],
                },
                "/invocations",
              ],
            ],
          },
        },
        "ResourceId": {
          "Ref": "AuthGatewaywellknownopenidconfiguration457368A3",
        },
        "RestApiId": {
          "Ref": "AuthGateway83D5F26D",
        },
      },
      "Type": "AWS::ApiGateway::Method",
    },
    "AuthGatewaywellknownopenidconfigurationGETApiPermissionAuthStackAuthGateway1EA58262GETwellknownopenidconfiguration3850B9E1": {
      "Properties": {
        "Action": "lambda:InvokeFunction",
        "FunctionName": {
          "Fn::GetAtt": [
            "AuthOidcFunctionFEAD1639",
            "Arn",
          ],
        },
        "Principal": "apigateway.amazonaws.com",
        "SourceArn": {
          "Fn::Join": [
            "",
            [
              "arn:",
              {
                "Ref": "AWS::Partition",
              },
              ":execute-api:eu-west-2:12345678:",
              {
                "Ref": "AuthGateway83D5F26D",
              },
              "/",
              {
                "Ref": "AuthGatewayDeploymentStageprodAE1C2F72",
              },
              "/GET/.well-known/openid-configuration",
            ],
          ],
        },
      },
      "Type": "AWS::Lambda::Permission",
    },
    "AuthGatewaywellknownopenidconfigurationGETApiPermissionTestAuthStackAuthGateway1EA58262GETwellknownopenidconfiguration920017EE": {
      "Properties": {
        "Action": "lambda:InvokeFunction",
        "FunctionName": {
          "Fn::GetAtt": [
            "AuthOidcFunctionFEAD1639",
            "Arn",
          ],
        },
        "Principal": "apigateway.amazonaws.com",
        "SourceArn": {
          "Fn::Join": [
            "",
            [
              "arn:",
              {
                "Ref": "AWS::Partition",
              },
              ":execute-api:eu-west-2:12345678:",
              {
                "Ref": "AuthGateway83D5F26D",
              },
              "/test-invoke-stage/GET/.well-known/openid-configuration",
            ],
          ],
        },
      },
      "Type": "AWS::Lambda::Permission",
    },
    "AuthOidcFunctionFEAD1639": {
      "DependsOn": [
        "AuthOidcFunctionServiceRoleDefaultPolicyF12F3B50",
        "AuthOidcFunctionServiceRole7F4533CF",
      ],
      "Properties": {
        "Code": {
          "S3Bucket": "cdk-hnb659fds-assets-12345678-eu-west-2",
          "S3Key": "948ad6aedab0f82538beaa130a56dfb40ddc06de3ea2f3fd0454d7ef56ba624c.zip",
        },
        "Environment": {
          "Variables": {
            "AWS_APPCONFIG_EXTENSION_PREFETCH_LIST": {
              "Fn::Sub": [
                "/applications/\${applicationId}/environments/\${environmentId}/configurations/\${configurationId}",
                {
                  "applicationId": "mockapplicationname",
                  "configurationId": "mockenvironmentname",
                  "environmentId": "mockenvironmentname",
                },
              ],
            },
            "AWS_NODEJS_CONNECTION_REUSE_ENABLED": "1",
            "DEBUG": "oidc-provider:*",
            "OAUTH_TABLE": "AuthStack-AuthTable0711E62F-15KG9EHHEGFYW",
          },
        },
        "FunctionName": "AuthOidc",
        "Handler": "index.handler",
        "Layers": [
          "arn:aws:lambda:eu-west-2:282860088358:layer:AWS-AppConfig-Extension:93",
        ],
        "MemorySize": 128,
        "Role": {
          "Fn::GetAtt": [
            "AuthOidcFunctionServiceRole7F4533CF",
            "Arn",
          ],
        },
        "Runtime": "nodejs20.x",
        "Timeout": 15,
      },
      "Type": "AWS::Lambda::Function",
    },
    "AuthOidcFunctionLogRetentionC3B84C04": {
      "Properties": {
        "LogGroupName": {
          "Fn::Join": [
            "",
            [
              "/aws/lambda/",
              {
                "Ref": "AuthOidcFunctionFEAD1639",
              },
            ],
          ],
        },
        "RetentionInDays": 7,
        "ServiceToken": {
          "Fn::GetAtt": [
            "LogRetentionaae0aa3c5b4d4f87b02d85b201efdd8aFD4BFC8A",
            "Arn",
          ],
        },
      },
      "Type": "Custom::LogRetention",
    },
    "AuthOidcFunctionServiceRole7F4533CF": {
      "Properties": {
        "AssumeRolePolicyDocument": {
          "Statement": [
            {
              "Action": "sts:AssumeRole",
              "Effect": "Allow",
              "Principal": {
                "Service": "lambda.amazonaws.com",
              },
            },
          ],
          "Version": "2012-10-17",
        },
        "ManagedPolicyArns": [
          {
            "Fn::Join": [
              "",
              [
                "arn:",
                {
                  "Ref": "AWS::Partition",
                },
                ":iam::aws:policy/service-role/AWSLambdaBasicExecutionRole",
              ],
            ],
          },
        ],
      },
      "Type": "AWS::IAM::Role",
    },
    "AuthOidcFunctionServiceRoleDefaultPolicyF12F3B50": {
      "Properties": {
        "PolicyDocument": {
          "Statement": [
            {
              "Action": [
                "appconfig:GetLatestConfiguration",
                "appconfig:StartConfigurationSession",
              ],
              "Effect": "Allow",
              "Resource": {
                "Fn::Sub": [
                  "arn:aws:appconfig:\${region}:\${accountId}:application/\${applicationId}/environment/\${environmentId}/configuration/\${configurationId}",
                  {
                    "accountId": "12345678",
                    "applicationId": {
                      "Ref": "AuthAppConfigApplication",
                    },
                    "configurationId": {
                      "Ref": "AuthAppConfigConfigurationProfile",
                    },
                    "environmentId": {
                      "Ref": "AuthAppConfigEnvironment",
                    },
                    "region": "eu-west-2",
                  },
                ],
              },
            },
            {
              "Action": [
                "secretsmanager:GetSecretValue",
                "secretsmanager:DescribeSecret",
              ],
              "Effect": "Allow",
              "Resource": {
                "Ref": "sigRSA5AF93E59",
              },
            },
            {
              "Action": [
                "dynamodb:BatchGetItem",
                "dynamodb:GetRecords",
                "dynamodb:GetShardIterator",
                "dynamodb:Query",
                "dynamodb:GetItem",
                "dynamodb:Scan",
                "dynamodb:ConditionCheckItem",
                "dynamodb:BatchWriteItem",
                "dynamodb:PutItem",
                "dynamodb:UpdateItem",
                "dynamodb:DeleteItem",
                "dynamodb:DescribeTable",
              ],
              "Effect": "Allow",
              "Resource": [
                {
                  "Fn::GetAtt": [
                    "AuthTable0711E62F",
                    "Arn",
                  ],
                },
                {
                  "Fn::Join": [
                    "",
                    [
                      {
                        "Fn::GetAtt": [
                          "AuthTable0711E62F",
                          "Arn",
                        ],
                      },
                      "/index/*",
                    ],
                  ],
                },
              ],
            },
          ],
          "Version": "2012-10-17",
        },
        "PolicyName": "AuthOidcFunctionServiceRoleDefaultPolicyF12F3B50",
        "Roles": [
          {
            "Ref": "AuthOidcFunctionServiceRole7F4533CF",
          },
        ],
      },
      "Type": "AWS::IAM::Policy",
    },
    "AuthRedirectFunctionC0CFE165": {
      "DependsOn": [
        "AuthRedirectFunctionServiceRoleF183DD8A",
      ],
      "Properties": {
        "Code": {
          "S3Bucket": "cdk-hnb659fds-assets-12345678-eu-west-2",
          "S3Key": "6bdafcbd7384ddb89eccd0ab57ca080f49c2da532347197fbb9dda3407ad1bb6.zip",
        },
        "Environment": {
          "Variables": {
            "AWS_NODEJS_CONNECTION_REUSE_ENABLED": "1",
          },
        },
        "FunctionName": "AuthRedirect",
        "Handler": "index.handler",
        "MemorySize": 128,
        "Role": {
          "Fn::GetAtt": [
            "AuthRedirectFunctionServiceRoleF183DD8A",
            "Arn",
          ],
        },
        "Runtime": "nodejs20.x",
        "Timeout": 15,
      },
      "Type": "AWS::Lambda::Function",
    },
    "AuthRedirectFunctionLogRetentionAD6D60D0": {
      "Properties": {
        "LogGroupName": {
          "Fn::Join": [
            "",
            [
              "/aws/lambda/",
              {
                "Ref": "AuthRedirectFunctionC0CFE165",
              },
            ],
          ],
        },
        "RetentionInDays": 7,
        "ServiceToken": {
          "Fn::GetAtt": [
            "LogRetentionaae0aa3c5b4d4f87b02d85b201efdd8aFD4BFC8A",
            "Arn",
          ],
        },
      },
      "Type": "Custom::LogRetention",
    },
    "AuthRedirectFunctionServiceRoleF183DD8A": {
      "Properties": {
        "AssumeRolePolicyDocument": {
          "Statement": [
            {
              "Action": "sts:AssumeRole",
              "Effect": "Allow",
              "Principal": {
                "Service": "lambda.amazonaws.com",
              },
            },
          ],
          "Version": "2012-10-17",
        },
        "ManagedPolicyArns": [
          {
            "Fn::Join": [
              "",
              [
                "arn:",
                {
                  "Ref": "AWS::Partition",
                },
                ":iam::aws:policy/service-role/AWSLambdaBasicExecutionRole",
              ],
            ],
          },
        ],
      },
      "Type": "AWS::IAM::Role",
    },
    "AuthTable0711E62F": {
      "DeletionPolicy": "Retain",
      "Properties": {
        "AttributeDefinitions": [
          {
            "AttributeName": "modelId",
            "AttributeType": "S",
          },
          {
            "AttributeName": "uid",
            "AttributeType": "S",
          },
          {
            "AttributeName": "grantId",
            "AttributeType": "S",
          },
          {
            "AttributeName": "userCode",
            "AttributeType": "S",
          },
        ],
        "DeletionProtectionEnabled": true,
        "GlobalSecondaryIndexes": [
          {
            "IndexName": "uidIndex",
            "KeySchema": [
              {
                "AttributeName": "uid",
                "KeyType": "HASH",
              },
            ],
            "Projection": {
              "ProjectionType": "ALL",
            },
            "ProvisionedThroughput": {
              "ReadCapacityUnits": 5,
              "WriteCapacityUnits": 5,
            },
          },
          {
            "IndexName": "grantIdIndex",
            "KeySchema": [
              {
                "AttributeName": "grantId",
                "KeyType": "HASH",
              },
            ],
            "Projection": {
              "ProjectionType": "ALL",
            },
            "ProvisionedThroughput": {
              "ReadCapacityUnits": 5,
              "WriteCapacityUnits": 5,
            },
          },
          {
            "IndexName": "userCodeIndex",
            "KeySchema": [
              {
                "AttributeName": "userCode",
                "KeyType": "HASH",
              },
            ],
            "Projection": {
              "ProjectionType": "ALL",
            },
            "ProvisionedThroughput": {
              "ReadCapacityUnits": 5,
              "WriteCapacityUnits": 5,
            },
          },
        ],
        "KeySchema": [
          {
            "AttributeName": "modelId",
            "KeyType": "HASH",
          },
        ],
        "PointInTimeRecoverySpecification": {
          "PointInTimeRecoveryEnabled": true,
        },
        "ProvisionedThroughput": {
          "ReadCapacityUnits": 5,
          "WriteCapacityUnits": 5,
        },
        "TimeToLiveSpecification": {
          "AttributeName": "expiresAt",
          "Enabled": true,
        },
      },
      "Type": "AWS::DynamoDB::Table",
      "UpdateReplacePolicy": "Retain",
    },
    "LogRetentionaae0aa3c5b4d4f87b02d85b201efdd8aFD4BFC8A": {
      "DependsOn": [
        "LogRetentionaae0aa3c5b4d4f87b02d85b201efdd8aServiceRoleDefaultPolicyADDA7DEB",
        "LogRetentionaae0aa3c5b4d4f87b02d85b201efdd8aServiceRole9741ECFB",
      ],
      "Properties": {
        "Code": {
          "S3Bucket": "cdk-hnb659fds-assets-12345678-eu-west-2",
          "S3Key": "4e26bf2d0a26f2097fb2b261f22bb51e3f6b4b52635777b1e54edbd8e2d58c35.zip",
        },
        "Handler": "index.handler",
        "Role": {
          "Fn::GetAtt": [
            "LogRetentionaae0aa3c5b4d4f87b02d85b201efdd8aServiceRole9741ECFB",
            "Arn",
          ],
        },
        "Runtime": "nodejs18.x",
        "Timeout": 900,
      },
      "Type": "AWS::Lambda::Function",
    },
    "LogRetentionaae0aa3c5b4d4f87b02d85b201efdd8aServiceRole9741ECFB": {
      "Properties": {
        "AssumeRolePolicyDocument": {
          "Statement": [
            {
              "Action": "sts:AssumeRole",
              "Effect": "Allow",
              "Principal": {
                "Service": "lambda.amazonaws.com",
              },
            },
          ],
          "Version": "2012-10-17",
        },
        "ManagedPolicyArns": [
          {
            "Fn::Join": [
              "",
              [
                "arn:",
                {
                  "Ref": "AWS::Partition",
                },
                ":iam::aws:policy/service-role/AWSLambdaBasicExecutionRole",
              ],
            ],
          },
        ],
      },
      "Type": "AWS::IAM::Role",
    },
    "LogRetentionaae0aa3c5b4d4f87b02d85b201efdd8aServiceRoleDefaultPolicyADDA7DEB": {
      "Properties": {
        "PolicyDocument": {
          "Statement": [
            {
              "Action": [
                "logs:PutRetentionPolicy",
                "logs:DeleteRetentionPolicy",
              ],
              "Effect": "Allow",
              "Resource": "*",
            },
          ],
          "Version": "2012-10-17",
        },
        "PolicyName": "LogRetentionaae0aa3c5b4d4f87b02d85b201efdd8aServiceRoleDefaultPolicyADDA7DEB",
        "Roles": [
          {
            "Ref": "LogRetentionaae0aa3c5b4d4f87b02d85b201efdd8aServiceRole9741ECFB",
          },
        ],
      },
      "Type": "AWS::IAM::Policy",
    },
    "sigRSA5AF93E59": {
      "DeletionPolicy": "Delete",
      "Properties": {
        "GenerateSecretString": {},
        "Name": "sigRSA",
      },
      "Type": "AWS::SecretsManager::Secret",
      "UpdateReplacePolicy": "Delete",
    },
  },
  "Rules": {
    "CheckBootstrapVersion": {
      "Assertions": [
        {
          "Assert": {
            "Fn::Not": [
              {
                "Fn::Contains": [
                  [
                    "1",
                    "2",
                    "3",
                    "4",
                    "5",
                  ],
                  {
                    "Ref": "BootstrapVersion",
                  },
                ],
              },
            ],
          },
          "AssertDescription": "CDK bootstrap stack version 6 required. Please run 'cdk bootstrap' with a recent version of the CDK CLI.",
        },
      ],
    },
  },
}
`;
